// Jest Snapshot v1, https://goo.gl/fbAQLP

exports[`Summary should render the Summary Container Component correctly 1`] = `
<Connect(NewsResults)
  filters={
    Object {
      "tags": "comment",
    }
  }
  hits={
    Array [
      Object {
        "author": "test",
        "created_at": "2018-03-14T03:50:30.000Z",
        "title": "steph",
        "url": "",
      },
    ]
  }
  status=""
  store={
    Object {
      "clearActions": [Function],
      "dispatch": [Function],
      "getActions": [Function],
      "getState": [Function],
      "replaceReducer": [Function],
      "subscribe": [Function],
    }
  }
>
  <NewsResults
    fetchNewsData={[Function]}
    filters={
      Object {
        "tags": "comment",
      }
    }
    hits={
      Array [
        Object {
          "author": "test",
          "created_at": "2018-03-14T03:50:30.000Z",
          "title": "steph",
          "url": "",
        },
      ]
    }
    status=""
    store={
      Object {
        "clearActions": [Function],
        "dispatch": [Function],
        "getActions": [Function],
        "getState": [Function],
        "replaceReducer": [Function],
        "subscribe": [Function],
      }
    }
  >
    <div
      className="News-Results row center-lg center-md"
    >
      <div
        className="col-xs-12 col-sm-12 col-md-8 col-lg-7"
      >
        <div
          className="hit-item less-side-padding"
          key="0"
        >
          <span
            className="title"
          />
          <div
            className="support-hit"
          >
            <span>
              by 
              test
            </span>
            <span>
              a year ago
            </span>
          </div>
          <span
            className="comment"
          >
            <ReactMarkdown
              astPlugins={Array []}
              escapeHtml={false}
              parserOptions={Object {}}
              plugins={Array []}
              rawSourcePos={false}
              renderers={Object {}}
              skipHtml={false}
              sourcePos={false}
              transformLinkUri={[Function]}
            >
              <Root
                key="root-1-1"
              />
            </ReactMarkdown>
          </span>
        </div>
      </div>
    </div>
  </NewsResults>
</Connect(NewsResults)>
`;
