// Jest Snapshot v1, https://goo.gl/fbAQLP

exports[`NewsResult should render the NewsResult Component 1`] = `
<NewsResults
  fetchNewsData={
    [MockFunction] {
      "calls": Array [
        Array [],
      ],
      "results": Array [
        Object {
          "type": "return",
          "value": undefined,
        },
      ],
    }
  }
  filters={Object {}}
  hits={
    Array [
      Object {
        "author": "Cogito",
        "comment_text": null,
        "created_at": "2018-03-14T03:50:30.000Z",
        "created_at_i": 1520999430,
        "num_comments": 436,
        "parent_id": null,
        "points": 6015,
        "relevancy_score": 8012,
        "story_id": null,
        "story_text": null,
        "story_title": null,
        "story_url": null,
        "title": "Test",
        "url": "test",
      },
    ]
  }
  status=""
>
  <div
    className="News-Results row center-lg center-md"
  >
    <div
      className="col-xs-12 col-sm-12 col-md-8 col-lg-7"
    >
      <div
        className="hit-item "
        key="0"
      >
        <span
          className="score"
        >
          6015
        </span>
        <span
          className="title"
        >
          Test
        </span>
        <div
          className="support-hit"
        >
          <span>
            by 
            Cogito
          </span>
          <span>
            a year ago
          </span>
          <span>
            436
             comments
          </span>
        </div>
      </div>
    </div>
  </div>
</NewsResults>
`;
