// Jest Snapshot v1, https://goo.gl/fbAQLP

exports[`App should render the App Component 1`] = `
<Route>
  <Component />
</Route>
`;
